adriana: 26 decembrie 2024, 11:00:00 PST (UTC-8)
alexandru: 26 decembrie 2024, 22:00:00 MSK (UTC+3)
costin: invalid
ghiu: 26 decembrie 2024, 11:00:00 PST (UTC-8)
gigel: invalid
mariana: 26 decembrie 2024, 16:00:00 BRST (UTC-3)
mihai: invalid
roxana: 26 decembrie 2024, 19:00:00 UTC (UTC+0)
traian: invalid
vlad: invalid
