adriana: 26 aprilie 2024, 00:00:00 BRST (UTC-3)
alexandru: invalid
costin: 25 aprilie 2024, 19:00:00 PST (UTC-8)
ghiu: invalid
gigel: 26 aprilie 2024, 04:00:00 GMT1 (UTC+1)
mariana: 26 aprilie 2024, 06:00:00 MSK (UTC+3)
mihai: invalid
roxana: 26 aprilie 2024, 03:00:00 UTC (UTC+0)
traian: 26 aprilie 2024, 05:00:00 CET (UTC+2)
vlad: invalid
