adriana: invalid
alexandru: 25 ianuarie 2024, 23:00:00 MSK (UTC+3)
costin: 25 ianuarie 2024, 21:00:00 GMT1 (UTC+1)
ghiu: invalid
gigel: 25 ianuarie 2024, 21:00:00 GMT1 (UTC+1)
mariana: invalid
mihai: 25 ianuarie 2024, 17:00:00 BRST (UTC-3)
roxana: 25 ianuarie 2024, 15:00:00 EST (UTC-5)
traian: invalid
vlad: 26 ianuarie 2024, 00:00:00 GST (UTC+4)
