adriana: 12 ianuarie 2024, 20:00:00 UTC (UTC+0)
alexandru: 12 ianuarie 2024, 20:00:00 UTC (UTC+0)
costin: 12 ianuarie 2024, 20:00:00 UTC (UTC+0)
ghiu: 12 ianuarie 2024, 20:00:00 UTC (UTC+0)
gigel: invalid
mariana: invalid
mihai: invalid
roxana: invalid
traian: invalid
vlad: 12 ianuarie 2024, 20:00:00 UTC (UTC+0)
